#
# There is insufficient memory for the Java Runtime Environment to continue.
# Native memory allocation (mmap) failed to map 266338304 bytes. Error detail: G1 virtual space
# Possible reasons:
#   The system is out of physical RAM or swap space
#   This process is running with CompressedOops enabled, and the Java Heap may be blocking the growth of the native heap
# Possible solutions:
#   Reduce memory load on the system
#   Increase physical memory or swap space
#   Check if swap backing store is full
#   Decrease Java heap size (-Xmx/-Xms)
#   Decrease number of Java threads
#   Decrease Java thread stack sizes (-Xss)
#   Set larger code cache with -XX:ReservedCodeCacheSize=
#   JVM is running with Zero Based Compressed Oops mode in which the Java heap is
#     placed in the first 32GB address space. The Java Heap base address is the
#     maximum limit for the native heap growth. Please use -XX:HeapBaseMinAddress
#     to set the Java Heap base and to place the Java Heap above 32GB virtual address.
# This output file may be truncated or incomplete.
#
#  Out of Memory Error (os_windows.cpp:3766), pid=19532, tid=19260
#
# JRE version:  (25.0.3) (build )
# Java VM: OpenJDK 64-Bit Server VM (25.0.3+-15898627-b508.16, mixed mode, sharing, tiered, compressed oops, compressed class ptrs, g1 gc, windows-amd64)
# No core dump will be written. Minidumps are not enabled by default on client versions of Windows
#

---------------  S U M M A R Y ------------

Command Line: org.jetbrains.kotlin.cli.jvm.K2JVMCompiler @D:\MyApplication\app\build\20260924_9064676823128464656.compiler.options

Host: Intel(R) Core(TM) i7-10610U CPU @ 1.80GHz, 8 cores, 15G,  Windows 11 , 64 bit Build 26100 (10.0.26100.9444)
Time: Thu Sep 24 21:52:51 2026 elapsed time: 0.704851 seconds (0d 0h 0m 0s)

---------------  T H R E A D  ---------------

Current thread (0x0000020a7058c8b0):  JavaThread "Unknown thread" [_thread_in_vm, id=19260, stack(0x000000d988d00000,0x000000d988e00000) (1024K)]

Stack: [0x000000d988d00000,0x000000d988e00000]
Native frames: (J=compiled Java code, j=interpreted, Vv=VM code, C=native code)
V  [jvm.dll+0x7bf039]  (no source info available)
V  [jvm.dll+0x78912d]  (no source info available)
V  [jvm.dll+0xa0e615]  (no source info available)
V  [jvm.dll+0xa10c94]  (no source info available)
V  [jvm.dll+0xa11393]  (no source info available)
V  [jvm.dll+0x30a116]  (no source info available)
V  [jvm.dll+0x7bb145]  (no source info available)
V  [jvm.dll+0x7adc17]  (no source info available)
V  [jvm.dll+0x3fea3b]  (no source info available)
V  [jvm.dll+0x406bf6]  (no source info available)
V  [jvm.dll+0x3f30a6]  (no source info available)
V  [jvm.dll+0x3f3388]  (no source info available)
V  [jvm.dll+0x3c8622]  (no source info available)
V  [jvm.dll+0x3c943e]  (no source info available)
V  [jvm.dll+0x9d36cf]  (no source info available)
V  [jvm.dll+0x464f42]  (no source info available)
V  [jvm.dll+0x9b74d2]  (no source info available)
V  [jvm.dll+0x507b3e]  (no source info available)
V  [jvm.dll+0x5093c1]  (no source info available)
C  [jli.dll+0x5401]  (no source info available)
C  [ucrtbase.dll+0x2cd30]  (no source info available)
C  [KERNEL32.DLL+0x2cd87]  (no source info available)
C  [ntdll.dll+0xacaec]  (no source info available)

Lock stack of current Java thread (top to bottom):


---------------  P R O C E S S  ---------------

Threads class SMR info:
_java_thread_list=0x00007ff9899b1c08, length=0, elements={
}

Java Threads: ( => current thread )
Total: 0

Other Threads:
  0x0000020a72939490 WorkerThread "GC Thread#0"                     [id=16620, stack(0x000000d988e00000,0x000000d988f00000) (1024K)]
  0x0000020a72952040 ConcurrentGCThread "G1 Main Marker"            [id=13408, stack(0x000000d988f00000,0x000000d989000000) (1024K)]
  0x0000020a72952be0 WorkerThread "G1 Conc#0"                       [id=21276, stack(0x000000d989000000,0x000000d989100000) (1024K)]

[error occurred during error reporting (printing all threads), id 0xc0000005, EXCEPTION_ACCESS_VIOLATION (0xc0000005) at pc=0x00007ff98902dbba]
VM state: not at safepoint (not fully initialized)

VM Mutex/Monitor currently owned by a thread:  ([mutex/lock_event])
[0x00007ff989a37aa8] Heap_lock - owner thread: 0x0000020a7058c8b0

Heap address: 0x0000000703600000, size: 4042 MB, Compressed Oops mode: Zero based, Oop shift amount: 3

CDS archive(s) mapped at: [0x0000000000000000-0x0000000000000000-0x0000000000000000), size 0, SharedBaseAddress: 0x0000000800000000, ArchiveRelocationMode: 1.
UseCompressedClassPointers 1, UseCompactObjectHeaders 0
Narrow klass pointer bits 32, Max shift 3
Narrow klass base: 0xffffffffffffffff, Narrow klass shift: -1
Encoding Range: [0xffffffffffffffff - 0x000000007fffffff), (2147483648 bytes)
Klass Range:    [0x0000000000000000 - 0x0000000000000000), (0 bytes)
Klass ID Range:  [4294967295 - 0) (1)
No protection zone.

GC Precious Log:
 CardTable entry size: 512
 Card Set container configuration: InlinePtr #cards 4 size 8 Array Of Cards #cards 16 size 48 Howl #buckets 8 coarsen threshold 3686 Howl Bitmap #cards 512 size 80 coarsen threshold 460 Card regions per heap region 1 cards per card region 4096

Heap:
 garbage-first heap   total reserved 4139008K, committed 0K, used 0K [0x0000000703600000, 0x0000000800000000)
  region size 2048K, 0 young (0K), 0 survivors (0K)

Heap Regions: E=young(eden), S=young(survivor), O=old, HS=humongous(starts), HC=humongous(continues), CS=collection set, F=free, TAMS=top-at-mark-start, PB=parsable bottom

Card table byte_map: [0x0000020a768e0000,0x0000020a770d0000] _byte_map_base: 0x0000020a730c5000

Marking Bits: (CMBitMap*) 0x0000020a72939c20
 Bits: [0x0000020a770d0000, 0x0000020a7aff8000)

GC Heap Usage History (0 events):
No events

Metaspace Usage History (0 events):
No events

Dll operation events (1 events):
Event: 0.114 Loaded shared library D:\instl\jbr\bin\java.dll

Deoptimization events (0 events):
No events

Classes loaded (0 events):
No events

Classes unloaded (0 events):
No events

Classes redefined (0 events):
No events

Internal exceptions (0 events):
No events

VM Operations (0 events):
No events

Memory protections (0 events):
No events

Nmethod flushes (0 events):
No events

Events (0 events):
No events


Dynamic libraries:
0x00007ff703d20000 - 0x00007ff703d2a000 	D:\instl\jbr\bin\java.exe
0x00007ffa59b60000 - 0x00007ffa59dc7000 	C:\WINDOWS\SYSTEM32\ntdll.dll
0x00007ffa58210000 - 0x00007ffa582db000 	C:\WINDOWS\System32\KERNEL32.DLL
0x00007ffa56d90000 - 0x00007ffa57192000 	C:\WINDOWS\System32\KERNELBASE.dll
0x00007ffa574a0000 - 0x00007ffa575ec000 	C:\WINDOWS\System32\ucrtbase.dll
0x00007ffa31cb0000 - 0x00007ffa31ccb000 	D:\instl\jbr\bin\VCRUNTIME140.dll
0x00007ffa2c980000 - 0x00007ffa2c996000 	D:\instl\jbr\bin\jli.dll
0x00007ffa58810000 - 0x00007ffa589df000 	C:\WINDOWS\System32\USER32.dll
0x00007ffa36be0000 - 0x00007ffa36e70000 	C:\WINDOWS\WinSxS\amd64_microsoft.windows.common-controls_6595b64144ccf1df_6.0.26100.9278_none_3e0d1ba8e3303201\COMCTL32.dll
0x00007ffa56d60000 - 0x00007ffa56d87000 	C:\WINDOWS\System32\win32u.dll
0x00007ffa59af0000 - 0x00007ffa59b1b000 	C:\WINDOWS\System32\GDI32.dll
0x00007ffa58d50000 - 0x00007ffa58df9000 	C:\WINDOWS\System32\msvcrt.dll
0x00007ffa576c0000 - 0x00007ffa577e9000 	C:\WINDOWS\System32\gdi32full.dll
0x00007ffa571a0000 - 0x00007ffa57243000 	C:\WINDOWS\System32\msvcp_win.dll
0x00007ffa589f0000 - 0x00007ffa58a21000 	C:\WINDOWS\System32\IMM32.DLL
0x00007ffa36b50000 - 0x00007ffa36b5c000 	D:\instl\jbr\bin\vcruntime140_1.dll
0x00007ffa314c0000 - 0x00007ffa3154d000 	D:\instl\jbr\bin\msvcp140.dll
0x00007ff988c50000 - 0x00007ff989b2d000 	D:\instl\jbr\bin\server\jvm.dll
0x00007ffa59a00000 - 0x00007ffa59abc000 	C:\WINDOWS\System32\ADVAPI32.dll
0x00007ffa586c0000 - 0x00007ffa58769000 	C:\WINDOWS\System32\sechost.dll
0x00007ffa58310000 - 0x00007ffa58428000 	C:\WINDOWS\System32\RPCRT4.dll
0x00007ffa58780000 - 0x00007ffa58800000 	C:\WINDOWS\System32\WS2_32.dll
0x00007ffa56bc0000 - 0x00007ffa56c1e000 	C:\WINDOWS\SYSTEM32\POWRPROF.dll
0x00007ffa40a50000 - 0x00007ffa40a86000 	C:\WINDOWS\SYSTEM32\WINMM.dll
0x00007ffa4ea10000 - 0x00007ffa4ea1b000 	C:\WINDOWS\SYSTEM32\VERSION.dll
0x00007ffa56ba0000 - 0x00007ffa56bb5000 	C:\WINDOWS\SYSTEM32\UMPDC.dll
0x00007ffa559f0000 - 0x00007ffa55a0b000 	C:\WINDOWS\SYSTEM32\kernel.appcore.dll
0x00007ffa31d30000 - 0x00007ffa31d3a000 	D:\instl\jbr\bin\jimage.dll
0x00007ffa54140000 - 0x00007ffa5438c000 	C:\WINDOWS\SYSTEM32\DBGHELP.DLL
0x00007ffa58f70000 - 0x00007ffa592f5000 	C:\WINDOWS\System32\combase.dll
0x00007ffa58bc0000 - 0x00007ffa58c99000 	C:\WINDOWS\System32\OLEAUT32.dll
0x00007ffa32c60000 - 0x00007ffa32c9b000 	C:\WINDOWS\SYSTEM32\dbgcore.DLL
0x00007ffa57600000 - 0x00007ffa576ac000 	C:\WINDOWS\System32\bcryptPrimitives.dll
0x00007ffa31c90000 - 0x00007ffa31cae000 	D:\instl\jbr\bin\java.dll
0x00007ffa59300000 - 0x00007ffa5949a000 	C:\WINDOWS\System32\ole32.dll
0x00007ffa57880000 - 0x00007ffa58018000 	C:\WINDOWS\System32\SHELL32.dll

JVMTI agents: none

dbghelp: loaded successfully - version: 4.0.5 - missing functions: none
symbol engine: initialized successfully - sym options: 0x614 - pdb path: .;D:\instl\jbr\bin;C:\WINDOWS\SYSTEM32;C:\WINDOWS\WinSxS\amd64_microsoft.windows.common-controls_6595b64144ccf1df_6.0.26100.9278_none_3e0d1ba8e3303201;D:\instl\jbr\bin\server

VM Arguments:
java_command: org.jetbrains.kotlin.cli.jvm.K2JVMCompiler @D:\MyApplication\app\build\20260924_9064676823128464656.compiler.options
java_class_path (initial): C:\Users\«”«„… Õ„Ìœ „Õ„œ ﬁ«∆œ\.gradle\caches\modules-2\files-2.1\org.jetbrains.kotlin\kotlin-compiler-embeddable\2.2.10\6882d39ef03b18879c1a5d2a83c2212361bed5fe\kotlin-compiler-embeddable-2.2.10.jar;C:\Users\«”«„… Õ„Ìœ „Õ„œ ﬁ«∆œ\.gradle\caches\modules-2\files-2.1\org.jetbrains.kotlin\kotlin-stdlib\2.2.10\30de6faa127a4a012db8e71bf1b9c0a99b1402b2\kotlin-stdlib-2.2.10.jar;C:\Users\«”«„… Õ„Ìœ „Õ„œ ﬁ«∆œ\.gradle\caches\modules-2\files-2.1\org.jetbrains.kotlin\kotlin-script-runtime\2.2.10\712f9bc08f378c13a4a00f0bbb28c76e59183e83\kotlin-script-runtime-2.2.10.jar;C:\Users\«”«„… Õ„Ìœ „Õ„œ ﬁ«∆œ\.gradle\caches\modules-2\files-2.1\org.jetbrains.kotlin\kotlin-reflect\1.6.10\1cbe9c92c12a94eea200d23c2bbaedaf3daf5132\kotlin-reflect-1.6.10.jar;C:\Users\«”«„… Õ„Ìœ „Õ„œ ﬁ«∆œ\.gradle\caches\modules-2\files-2.1\org.jetbrains.kotlin\kotlin-daemon-embeddable\2.2.10\212fd3c2c6e4e5d0f4db3c4191233e2b622380cc\kotlin-daemon-embeddable-2.2.10.jar;C:\Users\«”«„… Õ„Ìœ „Õ„œ ﬁ«∆œ\.gradle\caches\modules-2\files-2.1\org.jetbrains.kotlinx\kotlinx-coroutines-core-jvm\1.8.0\ac1dc37a30a93150b704022f8d895ee1bd3a36b3\kotlinx-coroutines-core-jvm-1.8.0.jar;C:\Users\«”«„… Õ„Ìœ „Õ„œ ﬁ«∆œ\.gradle\caches\modules-2\files-2.1\org.jetbrains\annotations\13.0\919f0dfe192fb4e063e7dacadee7f8bb9a2672a9\annotations-13.0.jar
Launcher Type: SUN_STANDARD

[Global flags]
     intx CICompilerCount                          = 4                                         {product} {ergonomic}
     uint ConcGCThreads                            = 2                                         {product} {ergonomic}
     uint G1ConcRefinementThreads                  = 8                                         {product} {ergonomic}
   size_t G1HeapRegionSize                         = 2097152                                   {product} {ergonomic}
   size_t InitialHeapSize                          = 266338304                                 {product} {ergonomic}
   size_t MarkStackSize                            = 4194304                                   {product} {ergonomic}
   size_t MarkStackSizeMax                         = 536870912                                 {product} {ergonomic}
   size_t MaxHeapSize                              = 4238344192                                {product} {ergonomic}
   size_t MinHeapDeltaBytes                        = 2097152                                   {product} {ergonomic}
   size_t MinHeapSize                              = 8388608                                   {product} {ergonomic}
    uintx NonNMethodCodeHeapSize                   = 5898240                                {pd product} {ergonomic}
    uintx NonProfiledCodeHeapSize                  = 122945536                              {pd product} {ergonomic}
    uintx ProfiledCodeHeapSize                     = 122945536                              {pd product} {ergonomic}
    uintx ReservedCodeCacheSize                    = 251789312                              {pd product} {ergonomic}
     bool SegmentedCodeCache                       = true                                      {product} {ergonomic}
   size_t SoftMaxHeapSize                          = 4238344192                             {manageable} {ergonomic}
     bool UseCompressedOops                        = true                           {product lp64_product} {ergonomic}
     bool UseG1GC                                  = true                                      {product} {ergonomic}
     bool UseLargePagesIndividualAllocation        = false                                  {pd product} {ergonomic}

Logging:
Log output configuration:
 #0: stdout all=warning uptime,level,tags foldmultilines=false
 #1: stderr all=off uptime,level,tags foldmultilines=false

Release file:
<release file has not been read>
Environment Variables:
PATH=C:\Program Files (x86)\VMware\VMware Workstation\bin\;C:\WINDOWS\system32;C:\WINDOWS;C:\WINDOWS\System32\Wbem;C:\WINDOWS\System32\WindowsPowerShell\v1.0\;C:\WINDOWS\System32\OpenSSH\;C:\Program Files\Azure Data Studio\bin;C:\Program Files (x86)\Microsoft SQL Server\150\DTS\Binn\;C:\Program Files (x86)\Microsoft SQL Server\160\Tools\Binn\;C:\Program Files\Microsoft SQL Server\160\Tools\Binn\;C:\Program Files\Microsoft SQL Server\Client SDK\ODBC\170\Tools\Binn\;C:\Program Files\Microsoft SQL Server\160\DTS\Binn\;C:\Program Files (x86)\Microsoft SQL Server\160\DTS\Binn\;C:\Program Files\Microsoft SQL Server\150\Tools\Binn\;C:\Program Files\dotnet\;C:\Program Files (x86)\Windows Kits\10\Windows Performance Toolkit\;C:\Program Files\Microsoft\Web Platform Installer\;C:\Program Files (x86)\Microsoft ASP.NET\ASP.NET Web Pages\v1.0\;C:\Program Files\Microsoft SQL Server\110\Tools\Binn\;C:\Python310\Scripts\;C:\Python310\;C:\Users\«”«„… Õ„Ìœ „Õ„œ ﬁ«∆œ\AppData\Local\Programs\Python\Python310\Scripts\;C:\Users\«”«„… Õ„Ìœ „Õ„œ ﬁ«∆œ\AppData\Local\Programs\Python\Python310\;C:\Users\«”«„… Õ„Ìœ „Õ„œ ﬁ«∆œ\AppData\Local\Programs\Python\Python312\Scripts\;C:\Users\«”«„… Õ„Ìœ „Õ„œ ﬁ«∆œ\AppData\Local\Programs\Python\Python312\;C:\Users\«”«„… Õ„Ìœ „Õ„œ ﬁ«∆œ\AppData\Local\Microsoft\WindowsApps;;C:\Program Files\Azure Data Studio\bin;C:\Users\«”«„… Õ„Ìœ „Õ„œ ﬁ«∆œ\.dotnet\tools;C:\Users\«”«„… Õ„Ìœ „Õ„œ ﬁ«∆œ\AppData\Local\Programs\Microsoft VS Code\bin
USERNAME=«”«„… Õ„Ìœ „Õ„œ ﬁ«∆œ
OS=Windows_NT
PROCESSOR_IDENTIFIER=Intel64 Family 6 Model 166 Stepping 1, GenuineIntel
TMP=C:\Users\3BD4~1\AppData\Local\Temp
TEMP=C:\Users\3BD4~1\AppData\Local\Temp




Compilation memory statistics disabled.

Periodic native trim disabled

JNI global refs:
JNI global refs: 0, weak refs: 0

JNI global refs memory usage: 0, weak refs: 0

Process memory usage:
Resident Set Size: 14352K (0% of 16549920K total physical memory with 2295272K free physical memory)

OOME stack traces (most recent first):
Classloader memory used:

---------------  S Y S T E M  ---------------

OS:
 Windows 11 , 64 bit Build 26100 (10.0.26100.9444)
OS uptime: 0 days 1:17 hours
Hyper-V role detected

CPU: total 8 (initial active 8) (4 cores per cpu, 2 threads per core) family 6 model 166 stepping 1 microcode 0x100, cx8, cmov, fxsr, ht, mmx, 3dnowpref, sse, sse2, sse3, ssse3, sse4.1, sse4.2, popcnt, lzcnt, tsc, tscinvbit, avx, avx2, aes, erms, clmul, bmi1, bmi2, adx, fma, vzeroupper, clflush, clflushopt, hv, rdtscp, f16c
Processor Information for processor 0
  Max Mhz: 2304, Current Mhz: 1502, Mhz Limit: 1797
Processor Information for processor 1
  Max Mhz: 2304, Current Mhz: 1803, Mhz Limit: 1797
Processor Information for processor 2
  Max Mhz: 2304, Current Mhz: 1803, Mhz Limit: 1797
Processor Information for processor 3
  Max Mhz: 2304, Current Mhz: 1502, Mhz Limit: 1797
Processor Information for processor 4
  Max Mhz: 2304, Current Mhz: 1803, Mhz Limit: 1797
Processor Information for processor 5
  Max Mhz: 2304, Current Mhz: 1502, Mhz Limit: 1797
Processor Information for processor 6
  Max Mhz: 2304, Current Mhz: 1502, Mhz Limit: 1797
Processor Information for processor 7
  Max Mhz: 2304, Current Mhz: 1502, Mhz Limit: 1797

Memory: 4k page, system-wide physical 16162M (2241M free)
TotalPageFile size 18735M (AvailPageFile size 64M)
current process WorkingSet (physical memory assigned to process): 14M, peak: 14M
current process commit charge ("private bytes"): 60M, peak: 314M

vm_info: OpenJDK 64-Bit Server VM (25.0.3+-15898627-b508.16) for windows-amd64 JRE (25.0.3+-15898627-b508.16), built on 2026-07-20T17:54:23Z with MS VC++ 16.10 / 16.11 (VS2019)

END.
